// Vitest Snapshot v1, https://vitest.dev/guide/snapshot.html

exports[`Header Component > matches the snapshot 1`] = `
<div>
  <header
    class="flex flex-row justify-center"
    role="banner"
  >
    <a
      aria-label="Go to homepage"
      href="/"
    >
      <img
        alt="Star Wars Logo"
        src="/images/logo.png"
      />
    </a>
  </header>
</div>
`;
