// Vitest Snapshot v1, https://vitest.dev/guide/snapshot.html

exports[`MenuItem Component > matches the snapshot 1`] = `
<div>
  <div
    class="mb-12 hover:scale-105 opacity-90 hover:opacity-100 py-4"
    role="menuitem"
  >
    <a
      aria-label="Link to Sample Title"
      href="/some-path"
    >
      <div
        class="cursor-pointer"
      >
        <div
          class="flex flex-row justify-center"
        >
          <img
            alt="Sample image"
            data-nimg="1"
            decoding="async"
            fetchpriority="high"
            height="300"
            src="/_next/image?url=%2Fimages%2Fcharacters.png&w=640&q=75"
            srcset="/_next/image?url=%2Fimages%2Fcharacters.png&w=384&q=75 1x, /_next/image?url=%2Fimages%2Fcharacters.png&w=640&q=75 2x"
            style="color: transparent;"
            width="300"
          />
        </div>
        <div
          class="flex flex-row justify-center mt-4"
        >
          <div
            class="border-2 border-yellow-500 bg-gray-900 px-2 border-opacity-60"
          >
            <span
              aria-label="Title: Sample Title"
              class="font-starjout text-4xl text-center text-yellow-500"
            >
              Sample Title
            </span>
          </div>
        </div>
      </div>
    </a>
  </div>
</div>
`;
