// Vitest Snapshot v1, https://vitest.dev/guide/snapshot.html

exports[`Pagination Component > matches the snapshot 1`] = `
<div>
  <div
    class="flex flex-row justify-between items-center"
  >
    <button
      aria-disabled="true"
      aria-label="Previous Page"
      class="bg-yellow-500 opacity-40 cursor-not-allowed px-2 py-1 rounded-lg w-32 font-medium text-gray-900"
      disabled=""
    >
      Previous
    </button>
    <span
      class="flex flex-row items-center text-center text-lg"
    >
      Page 
      1
       of 
      1
    </span>
    <button
      aria-disabled="true"
      aria-label="Next Page"
      class="bg-yellow-500 opacity-40 cursor-not-allowed px-2 py-1 rounded-lg w-32 font-medium text-gray-900"
      disabled=""
    >
      Next
    </button>
  </div>
</div>
`;
